
> verifair-public-website@1.0.0 test:e2e
> playwright test

[WebServer]  GÜá Warning: Next.js inferred your workspace root, but it may not be correct.
[WebServer]  We detected multiple lockfiles and selected the directory of C:\Users\SD\package-lock.json as the root directory.
[WebServer]  To silence this warning, set `outputFileTracingRoot` in your Next.js config, or consider removing one of the lockfiles if it's not needed.
[WebServer]    See https://nextjs.org/docs/app/api-reference/config/next-config-js/output#caveats for more information.
[WebServer]  Detected additional lockfiles: 
[WebServer]    * C:\Users\SD\OneDrive - ernelifting.com\Erne\verifair-github\package-lock.json
[WebServer] 

Running 22 tests using 4 workers

  G£ô   1 [Desktop Chrome] GÇ¦ tests\e2e\home.spec.ts:3:5 GÇ¦ primary navigation targets resolve and homepage anchors scroll (6.6s)
  G£ÿ   3 [Desktop Chrome] GÇ¦ tests\e2e\replay-demonstration.spec.ts:3:5 GÇ¦ approved demonstration keeps readings, timeline and controls synchronised (7.7s)
  G£ô   5 [Desktop Chrome] GÇ¦ tests\e2e\home.spec.ts:36:5 GÇ¦ homepage has no horizontal overflow at 320px (1.7s)
  G£ÿ   4 [Mobile Safari] GÇ¦ tests\e2e\replay-demonstration.spec.ts:3:5 GÇ¦ approved demonstration keeps readings, timeline and controls synchronised (8.7s)
[WebServer]  G¿» SyntaxError: Unexpected end of JSON input
[WebServer]     at JSON.parse (<anonymous>) {
[WebServer]   page: '/resources'
[WebServer] }
  G£ô   6 [Desktop Chrome] GÇ¦ tests\e2e\home.spec.ts:50:5 GÇ¦ industry tabs, platform reporting controls and FAQ are keyboard operable (4.3s)
  G£ÿ   2 [Mobile Safari] GÇ¦ tests\e2e\home.spec.ts:3:5 GÇ¦ primary navigation targets resolve and homepage anchors scroll (15.3s)
  G£ô   8 [Mobile Safari] GÇ¦ tests\e2e\replay-demonstration.spec.ts:43:5 GÇ¦ demonstration overview links to each dedicated experience (6.6s)
  G£ô   9 [Desktop Chrome] GÇ¦ tests\e2e\home.spec.ts:93:5 GÇ¦ reduced motion disables smooth scrolling (3.3s)
  G£ô   7 [Desktop Chrome] GÇ¦ tests\e2e\replay-demonstration.spec.ts:43:5 GÇ¦ demonstration overview links to each dedicated experience (7.4s)
  G£ô  13 [Desktop Chrome] GÇ¦ tests\e2e\replay-demonstration.spec.ts:50:5 GÇ¦ reporting portal switches between detailed report types (3.0s)
  G£ô  12 [Desktop Chrome] GÇ¦ tests\e2e\home.spec.ts:104:5 GÇ¦ legacy reporting route redirects to the homepage report preview (3.1s)
  G£ô  10 [Mobile Safari] GÇ¦ tests\e2e\home.spec.ts:36:5 GÇ¦ homepage has no horizontal overflow at 320px (3.3s)
  G£ô  11 [Mobile Safari] GÇ¦ tests\e2e\replay-demonstration.spec.ts:50:5 GÇ¦ reporting portal switches between detailed report types (3.3s)
  G£ô  17 [Mobile Safari] GÇ¦ tests\e2e\replay-demonstration.spec.ts:60:5 GÇ¦ product demonstration has no horizontal overflow on mobile (1.5s)
  G£ô  14 [Desktop Chrome] GÇ¦ tests\e2e\replay-demonstration.spec.ts:60:5 GÇ¦ product demonstration has no horizontal overflow on mobile (1.7s)
  G£ô  16 [Mobile Safari] GÇ¦ tests\e2e\home.spec.ts:50:5 GÇ¦ industry tabs, platform reporting controls and FAQ are keyboard operable (3.0s)
  G£ô  18 [Mobile Safari] GÇ¦ tests\e2e\home.spec.ts:93:5 GÇ¦ reduced motion disables smooth scrolling (1.2s)
  G£ô  19 [Mobile Safari] GÇ¦ tests\e2e\home.spec.ts:104:5 GÇ¦ legacy reporting route redirects to the homepage report preview (999ms)
  G£ô  20 [Mobile Safari] GÇ¦ tests\e2e\home.spec.ts:112:5 GÇ¦ mobile navigation closes with Escape and returns focus (1.5s)
  G£ÿ  15 [Desktop Chrome] GÇ¦ tests\e2e\home.spec.ts:112:5 GÇ¦ mobile navigation closes with Escape and returns focus (6.8s)
  G£ô  21 [Mobile Safari] GÇ¦ tests\e2e\home.spec.ts:124:5 GÇ¦ HubSpot failure state provides hosted-form fallback (1.3s)
  G£ô  22 [Desktop Chrome] GÇ¦ tests\e2e\home.spec.ts:124:5 GÇ¦ HubSpot failure state provides hosted-form fallback (774ms)


  1) [Desktop Chrome] GÇ¦ tests\e2e\home.spec.ts:112:5 GÇ¦ mobile navigation closes with Escape and returns focus 

    Error: expect(locator).toBeVisible() failed

    Locator: locator('#mobile-navigation')
    Expected: visible
    Timeout: 5000ms
    Error: element(s) not found

    Call log:
      - Expect "toBeVisible" with timeout 5000ms
      - waiting for locator('#mobile-navigation')


      116 |   const trigger = page.getByRole("button", { name: /Open navigation/i });
      117 |   await trigger.click();
    > 118 |   await expect(page.locator("#mobile-navigation")).toBeVisible();
          |                                                    ^
      119 |   await page.keyboard.press("Escape");
      120 |   await expect(page.locator("#mobile-navigation")).toBeHidden();
      121 |   await expect(trigger).toBeFocused();
        at C:\Users\SD\OneDrive - ernelifting.com\Erne\verifair-github\tests\e2e\home.spec.ts:118:52

    Error Context: test-results\home-mobile-navigation-closes-with-Escape-and-returns-focus-Desktop-Chrome\error-context.md

  2) [Desktop Chrome] GÇ¦ tests\e2e\replay-demonstration.spec.ts:3:5 GÇ¦ approved demonstration keeps readings, timeline and controls synchronised 

    Error: expect(locator).toBeVisible() failed

    Locator: getByText('Simulated demonstration data', { exact: true })
    Expected: visible
    Timeout: 5000ms
    Error: element(s) not found

    Call log:
      - Expect "toBeVisible" with timeout 5000ms
      - waiting for getByText('Simulated demonstration data', { exact: true })


      12 |   await expect(
      13 |     page.getByText("Simulated demonstration data", { exact: true }),
    > 14 |   ).toBeVisible();
         |     ^
      15 |   await expect(page.getByRole("heading", { name: "Respirable dust" })).toBeVisible();
      16 |   await expect(page.getByRole("heading", { name: /^PM4(?:\.0)?$/i })).toHaveCount(0);
      17 |   await expect(
        at C:\Users\SD\OneDrive - ernelifting.com\Erne\verifair-github\tests\e2e\replay-demonstration.spec.ts:14:5

    Error Context: test-results\replay-demonstration-appro-0266d-e-and-controls-synchronised-Desktop-Chrome\error-context.md

  3) [Mobile Safari] GÇ¦ tests\e2e\home.spec.ts:3:5 GÇ¦ primary navigation targets resolve and homepage anchors scroll 

    Error: /resources should resolve

    expect(received).toBe(expected) // Object.is equality

    Expected: true
    Received: false

      30 |   for (const href of ["/technology", "/resources", "/contact"]) {
      31 |     const response = await page.request.get(href);
    > 32 |     expect(response.ok(), `${href} should resolve`).toBe(true);
         |                                                     ^
      33 |   }
      34 | });
      35 |
        at C:\Users\SD\OneDrive - ernelifting.com\Erne\verifair-github\tests\e2e\home.spec.ts:32:53

    Error Context: test-results\home-primary-navigation-ta-a27e0-and-homepage-anchors-scroll-Mobile-Safari\error-context.md

  4) [Mobile Safari] GÇ¦ tests\e2e\replay-demonstration.spec.ts:3:5 GÇ¦ approved demonstration keeps readings, timeline and controls synchronised 

    Error: expect(locator).toBeVisible() failed

    Locator: getByText('Simulated demonstration data', { exact: true })
    Expected: visible
    Timeout: 5000ms
    Error: element(s) not found

    Call log:
      - Expect "toBeVisible" with timeout 5000ms
      - waiting for getByText('Simulated demonstration data', { exact: true })


      12 |   await expect(
      13 |     page.getByText("Simulated demonstration data", { exact: true }),
    > 14 |   ).toBeVisible();
         |     ^
      15 |   await expect(page.getByRole("heading", { name: "Respirable dust" })).toBeVisible();
      16 |   await expect(page.getByRole("heading", { name: /^PM4(?:\.0)?$/i })).toHaveCount(0);
      17 |   await expect(
        at C:\Users\SD\OneDrive - ernelifting.com\Erne\verifair-github\tests\e2e\replay-demonstration.spec.ts:14:5

    Error Context: test-results\replay-demonstration-appro-0266d-e-and-controls-synchronised-Mobile-Safari\error-context.md

  4 failed
    [Desktop Chrome] GÇ¦ tests\e2e\home.spec.ts:112:5 GÇ¦ mobile navigation closes with Escape and returns focus 
    [Desktop Chrome] GÇ¦ tests\e2e\replay-demonstration.spec.ts:3:5 GÇ¦ approved demonstration keeps readings, timeline and controls synchronised 
    [Mobile Safari] GÇ¦ tests\e2e\home.spec.ts:3:5 GÇ¦ primary navigation targets resolve and homepage anchors scroll 
    [Mobile Safari] GÇ¦ tests\e2e\replay-demonstration.spec.ts:3:5 GÇ¦ approved demonstration keeps readings, timeline and controls synchronised 
  18 passed (36.1s)
