
> verifair-public-website@1.0.0 test:e2e
> playwright test

[WebServer]  GÜá Warning: Next.js inferred your workspace root, but it may not be correct.
[WebServer]  We detected multiple lockfiles and selected the directory of C:\Users\SD\package-lock.json as the root directory.
[WebServer]  To silence this warning, set `outputFileTracingRoot` in your Next.js config, or consider removing one of the lockfiles if it's not needed.
[WebServer]    See https://nextjs.org/docs/app/api-reference/config/next-config-js/output#caveats for more information.
[WebServer]  Detected additional lockfiles: 
[WebServer]    * C:\Users\SD\OneDrive - ernelifting.com\Erne\verifair-github\package-lock.json
[WebServer] 

Running 22 tests using 4 workers

  G£ô   2 [Desktop Chrome] GÇ¦ tests\e2e\replay-demonstration.spec.ts:3:5 GÇ¦ approved demonstration keeps readings, timeline and controls synchronised (3.2s)
  G£ô   5 [Desktop Chrome] GÇ¦ tests\e2e\replay-demonstration.spec.ts:86:5 GÇ¦ demonstration overview links to each dedicated experience (2.5s)
  G£ô   6 [Desktop Chrome] GÇ¦ tests\e2e\replay-demonstration.spec.ts:93:5 GÇ¦ reporting portal switches between detailed report types (3.4s)
  G£ô   4 [Mobile Safari] GÇ¦ tests\e2e\replay-demonstration.spec.ts:3:5 GÇ¦ approved demonstration keeps readings, timeline and controls synchronised (9.3s)
  G£ô   1 [Desktop Chrome] GÇ¦ tests\e2e\home.spec.ts:3:5 GÇ¦ primary navigation targets resolve and homepage anchors scroll (10.3s)
  G£ô   7 [Desktop Chrome] GÇ¦ tests\e2e\replay-demonstration.spec.ts:103:5 GÇ¦ product demonstration has no horizontal overflow on mobile (2.0s)
  G£ô   8 [Mobile Safari] GÇ¦ tests\e2e\replay-demonstration.spec.ts:86:5 GÇ¦ demonstration overview links to each dedicated experience (2.0s)
  G£ô   3 [Mobile Safari] GÇ¦ tests\e2e\home.spec.ts:3:5 GÇ¦ primary navigation targets resolve and homepage anchors scroll (12.2s)
  G£ô  10 [Mobile Safari] GÇ¦ tests\e2e\replay-demonstration.spec.ts:93:5 GÇ¦ reporting portal switches between detailed report types (1.9s)
  G£ô   9 [Desktop Chrome] GÇ¦ tests\e2e\home.spec.ts:36:5 GÇ¦ homepage has no horizontal overflow at 320px (2.9s)
  G£ô  11 [Mobile Safari] GÇ¦ tests\e2e\home.spec.ts:36:5 GÇ¦ homepage has no horizontal overflow at 320px (1.6s)
  G£ô  12 [Mobile Safari] GÇ¦ tests\e2e\replay-demonstration.spec.ts:103:5 GÇ¦ product demonstration has no horizontal overflow on mobile (1.5s)
  G£ô  14 [Mobile Safari] GÇ¦ tests\e2e\home.spec.ts:50:5 GÇ¦ industry tabs, platform reporting controls and FAQ are keyboard operable (2.4s)
  G£ô  15 [Mobile Safari] GÇ¦ tests\e2e\home.spec.ts:93:5 GÇ¦ reduced motion disables smooth scrolling (1.1s)
  G£ô  16 [Mobile Safari] GÇ¦ tests\e2e\home.spec.ts:104:5 GÇ¦ legacy reporting route redirects to the homepage report preview (1.8s)
  G£ÿ  13 [Desktop Chrome] GÇ¦ tests\e2e\home.spec.ts:50:5 GÇ¦ industry tabs, platform reporting controls and FAQ are keyboard operable (6.8s)
  G£ô  17 [Mobile Safari] GÇ¦ tests\e2e\home.spec.ts:112:5 GÇ¦ mobile navigation closes with Escape and returns focus (1.6s)
  G£ô  18 [Desktop Chrome] GÇ¦ tests\e2e\home.spec.ts:93:5 GÇ¦ reduced motion disables smooth scrolling (927ms)
  G£ô  19 [Mobile Safari] GÇ¦ tests\e2e\home.spec.ts:124:5 GÇ¦ HubSpot failure state provides hosted-form fallback (1.3s)
  G£ô  20 [Desktop Chrome] GÇ¦ tests\e2e\home.spec.ts:104:5 GÇ¦ legacy reporting route redirects to the homepage report preview (1.1s)
  G£ô  21 [Desktop Chrome] GÇ¦ tests\e2e\home.spec.ts:112:5 GÇ¦ mobile navigation closes with Escape and returns focus (1.1s)
  G£ô  22 [Desktop Chrome] GÇ¦ tests\e2e\home.spec.ts:124:5 GÇ¦ HubSpot failure state provides hosted-form fallback (759ms)


  1) [Desktop Chrome] GÇ¦ tests\e2e\home.spec.ts:50:5 GÇ¦ industry tabs, platform reporting controls and FAQ are keyboard operable 

    Error: expect(locator).toHaveText(expected) failed

    Locator: locator('#industries [role="tab"][aria-selected="true"]')
    Expected pattern: /Construction/i
    Received string:  "Healthcare"
    Timeout: 5000ms

    Call log:
      - Expect "toHaveText" with timeout 5000ms
      - waiting for locator('#industries [role="tab"][aria-selected="true"]')
        14 +ù locator resolved to <button role="tab" tabindex="0" id="industry-tab-0" aria-selected="true" aria-controls="industry-panel" class="block w-full border-b border-slate-200 border-l-2 border-l-transparent px-4 py-5 text-left text-lg font-bold text-slate-600 transition last:border-b-0 hover:text-slate-950 focus-visible:outline-none focus-visible:ring-2 focus-visible:ring-blue-600 aria-selected:border-l-blue-600 aria-selected:text-blue-600">Healthcare</button>
           - unexpected value "Healthcare"


      60 |     await page.keyboard.press("ArrowRight");
      61 |     const selected = page.locator('#industries [role="tab"][aria-selected="true"]');
    > 62 |     await expect(selected).toHaveText(/Construction/i);
         |                            ^
      63 |     await expect(selected).toBeFocused();
      64 |   }
      65 |
        at C:\Users\SD\OneDrive - ernelifting.com\Erne\verifair-github\tests\e2e\home.spec.ts:62:28

    Error Context: test-results\home-industry-tabs-platfor-d1c74-d-FAQ-are-keyboard-operable-Desktop-Chrome\error-context.md

  1 failed
    [Desktop Chrome] GÇ¦ tests\e2e\home.spec.ts:50:5 GÇ¦ industry tabs, platform reporting controls and FAQ are keyboard operable 
  21 passed (32.4s)
