
> verifair-public-website@1.0.0 test:e2e
> playwright test

[WebServer]  GÜá Warning: Next.js inferred your workspace root, but it may not be correct.
[WebServer]  We detected multiple lockfiles and selected the directory of C:\Users\SD\package-lock.json as the root directory.
[WebServer]  To silence this warning, set `outputFileTracingRoot` in your Next.js config, or consider removing one of the lockfiles if it's not needed.
[WebServer]    See https://nextjs.org/docs/app/api-reference/config/next-config-js/output#caveats for more information.
[WebServer]  Detected additional lockfiles: 
[WebServer]    * C:\Users\SD\OneDrive - ernelifting.com\Erne\verifair-github\package-lock.json
[WebServer] 

Running 22 tests using 4 workers

  G£ô   1 [Desktop Chrome] GÇ¦ tests\e2e\replay-demonstration.spec.ts:3:5 GÇ¦ approved demonstration keeps readings, timeline and controls synchronised (3.2s)
  G£ô   5 [Desktop Chrome] GÇ¦ tests\e2e\replay-demonstration.spec.ts:86:5 GÇ¦ demonstration overview links to each dedicated experience (2.2s)
  G£ô   6 [Desktop Chrome] GÇ¦ tests\e2e\replay-demonstration.spec.ts:93:5 GÇ¦ reporting portal switches between detailed report types (3.0s)
  G£ÿ   3 [Mobile Safari] GÇ¦ tests\e2e\home.spec.ts:3:5 GÇ¦ primary navigation targets resolve and homepage anchors scroll (10.7s)
  G£ô   7 [Desktop Chrome] GÇ¦ tests\e2e\replay-demonstration.spec.ts:103:5 GÇ¦ product demonstration has no horizontal overflow on mobile (2.4s)
  G£ô   4 [Mobile Safari] GÇ¦ tests\e2e\replay-demonstration.spec.ts:3:5 GÇ¦ approved demonstration keeps readings, timeline and controls synchronised (11.2s)
  G£ô   2 [Desktop Chrome] GÇ¦ tests\e2e\home.spec.ts:3:5 GÇ¦ primary navigation targets resolve and homepage anchors scroll (12.6s)
  G£ô   8 [Mobile Safari] GÇ¦ tests\e2e\replay-demonstration.spec.ts:86:5 GÇ¦ demonstration overview links to each dedicated experience (2.1s)
  G£ô  10 [Desktop Chrome] GÇ¦ tests\e2e\home.spec.ts:36:5 GÇ¦ homepage has no horizontal overflow at 320px (1.6s)
  G£ô  11 [Mobile Safari] GÇ¦ tests\e2e\replay-demonstration.spec.ts:93:5 GÇ¦ reporting portal switches between detailed report types (959ms)
  G£ô  13 [Mobile Safari] GÇ¦ tests\e2e\replay-demonstration.spec.ts:103:5 GÇ¦ product demonstration has no horizontal overflow on mobile (1.2s)
  G£ô   9 [Mobile Safari] GÇ¦ tests\e2e\home.spec.ts:36:5 GÇ¦ homepage has no horizontal overflow at 320px (5.0s)
  G£ô  12 [Desktop Chrome] GÇ¦ tests\e2e\home.spec.ts:50:5 GÇ¦ industry tabs, platform reporting controls and FAQ are keyboard operable (2.4s)
  G£ô  15 [Desktop Chrome] GÇ¦ tests\e2e\home.spec.ts:100:5 GÇ¦ reduced motion disables smooth scrolling (1.1s)
  G£ô  14 [Mobile Safari] GÇ¦ tests\e2e\home.spec.ts:50:5 GÇ¦ industry tabs, platform reporting controls and FAQ are keyboard operable (2.0s)
  G£ô  17 [Mobile Safari] GÇ¦ tests\e2e\home.spec.ts:100:5 GÇ¦ reduced motion disables smooth scrolling (1.5s)
  G£ô  16 [Desktop Chrome] GÇ¦ tests\e2e\home.spec.ts:111:5 GÇ¦ legacy reporting route redirects to the homepage report preview (2.2s)
  G£ô  18 [Mobile Safari] GÇ¦ tests\e2e\home.spec.ts:111:5 GÇ¦ legacy reporting route redirects to the homepage report preview (1.3s)
  G£ô  19 [Desktop Chrome] GÇ¦ tests\e2e\home.spec.ts:119:5 GÇ¦ mobile navigation closes with Escape and returns focus (1.4s)
  G£ô  21 [Desktop Chrome] GÇ¦ tests\e2e\home.spec.ts:131:5 GÇ¦ HubSpot failure state provides hosted-form fallback (1.1s)
  G£ô  20 [Mobile Safari] GÇ¦ tests\e2e\home.spec.ts:119:5 GÇ¦ mobile navigation closes with Escape and returns focus (1.9s)
  G£ô  22 [Mobile Safari] GÇ¦ tests\e2e\home.spec.ts:131:5 GÇ¦ HubSpot failure state provides hosted-form fallback (1.7s)


  1) [Mobile Safari] GÇ¦ tests\e2e\home.spec.ts:3:5 GÇ¦ primary navigation targets resolve and homepage anchors scroll 

    Error: expect(page).toHaveURL(expected) failed

    Expected pattern: /#workflow$/
    Received string:  "http://127.0.0.1:3000/#monitoring"
    Timeout: 5000ms

    Call log:
      - Expect "toHaveURL" with timeout 5000ms
        13 +ù locator resolved to <html lang="en-AU" class="__variable_f367f3 __variable_3c557b">GÇª</html>
           - unexpected value "http://127.0.0.1:3000/#monitoring"


      19 |     .first();
      20 |   await workflowLink.click();
    > 21 |   await expect(page).toHaveURL(/#workflow$/);
         |                      ^
      22 |
      23 |   const reportingLink = page
      24 |     .locator('a:visible[href="#reportpreview"], a:visible[href="/#reportpreview"]')
        at C:\Users\SD\OneDrive - ernelifting.com\Erne\verifair-github\tests\e2e\home.spec.ts:21:22

    Error Context: test-results\home-primary-navigation-ta-a27e0-and-homepage-anchors-scroll-Mobile-Safari\error-context.md

  1 failed
    [Mobile Safari] GÇ¦ tests\e2e\home.spec.ts:3:5 GÇ¦ primary navigation targets resolve and homepage anchors scroll 
  21 passed (32.9s)
